// Jest Snapshot v1, https://goo.gl/fbAQLP

exports[`MyComponent should render Dasboard correctly 1`] = `
<ContextConsumer>
  <Component />
</ContextConsumer>
`;
